<?xml version="1.0" encoding="utf-8"?><testsuites name="pytest tests"><testsuite name="pytest" errors="0" failures="0" skipped="0" tests="111" time="0.721" timestamp="2025-12-03T02:20:36.958625+00:00" hostname="249f9faed708"><testcase classname="tests.deployment.test_config_files.TestNginxConfig" name="test_nginx_conf_braces_balanced" time="0.003" /><testcase classname="tests.deployment.test_config_files.TestNginxConfig" name="test_nginx_conf_exists" time="0.001" /><testcase classname="tests.deployment.test_config_files.TestNginxConfig" name="test_nginx_conf_has_acme_challenge_location" time="0.002" /><testcase classname="tests.deployment.test_config_files.TestNginxConfig" name="test_nginx_conf_has_docs_location" time="0.002" /><testcase classname="tests.deployment.test_config_files.TestNginxConfig" name="test_nginx_conf_has_events_block" time="0.001" /><testcase classname="tests.deployment.test_config_files.TestNginxConfig" name="test_nginx_conf_has_http_block" time="0.001" /><testcase classname="tests.deployment.test_config_files.TestNginxConfig" name="test_nginx_conf_has_http_redirect" time="0.001" /><testcase classname="tests.deployment.test_config_files.TestNginxConfig" name="test_nginx_conf_has_proxy_pass" time="0.001" /><testcase classname="tests.deployment.test_config_files.TestNginxConfig" name="test_nginx_conf_has_server_block" time="0.001" /><testcase classname="tests.deployment.test_config_files.TestNginxConfig" name="test_nginx_conf_has_ssl_certificate" time="0.001" /><testcase classname="tests.deployment.test_config_files.TestNginxConfig" name="test_nginx_conf_has_ssl_key" time="0.001" /><testcase classname="tests.deployment.test_config_files.TestNginxConfig" name="test_nginx_conf_has_upstream_block" time="0.002" /><testcase classname="tests.deployment.test_config_files.TestNginxConfig" name="test_nginx_conf_has_websocket_upgrade" time="0.002" /><testcase classname="tests.deployment.test_config_files.TestNginxConfig" name="test_nginx_conf_has_worker_connections" time="0.002" /><testcase classname="tests.deployment.test_config_files.TestNginxConfig" name="test_nginx_conf_listen_ports" time="0.002" /><testcase classname="tests.deployment.test_config_files.TestNginxConfig" name="test_nginx_conf_no_syntax_errors" time="0.001" /><testcase classname="tests.deployment.test_config_files.TestNginxConfig" name="test_nginx_conf_not_empty" time="0.003" /><testcase classname="tests.deployment.test_config_files.TestSupervisorConfig" name="test_supervisord_conf_exists" time="0.001" /><testcase classname="tests.deployment.test_config_files.TestSupervisorConfig" name="test_supervisord_conf_has_novnc_program" time="0.003" /><testcase classname="tests.deployment.test_config_files.TestSupervisorConfig" name="test_supervisord_conf_has_supervisord_section" time="0.001" /><testcase classname="tests.deployment.test_config_files.TestSupervisorConfig" name="test_supervisord_conf_has_vncserver_program" time="0.001" /><testcase classname="tests.deployment.test_config_files.TestSupervisorConfig" name="test_supervisord_conf_nodaemon_true" time="0.001" /><testcase classname="tests.deployment.test_config_files.TestSupervisorConfig" name="test_supervisord_conf_not_empty" time="0.001" /><testcase classname="tests.deployment.test_config_files.TestSupervisorConfig" name="test_supervisord_has_logfile" time="0.002" /><testcase classname="tests.deployment.test_config_files.TestSupervisorConfig" name="test_supervisord_logfile_unbounded" time="0.001" /><testcase classname="tests.deployment.test_config_files.TestSupervisorConfig" name="test_supervisord_no_invalid_directives" time="0.001" /><testcase classname="tests.deployment.test_config_files.TestSupervisorConfig" name="test_supervisord_novnc_has_command" time="0.001" /><testcase classname="tests.deployment.test_config_files.TestSupervisorConfig" name="test_supervisord_section_headers_valid" time="0.001" /><testcase classname="tests.deployment.test_config_files.TestSupervisorConfig" name="test_supervisord_vncserver_geometry_configured" time="0.001" /><testcase classname="tests.deployment.test_config_files.TestSupervisorConfig" name="test_supervisord_vncserver_has_autorestart" time="0.002" /><testcase classname="tests.deployment.test_config_files.TestSupervisorConfig" name="test_supervisord_vncserver_has_command" time="0.001" /><testcase classname="tests.deployment.test_config_files.TestSupervisorConfig" name="test_supervisord_vncserver_has_environment_vars" time="0.001" /><testcase classname="tests.deployment.test_config_files.TestSupervisorConfig" name="test_supervisord_vncserver_runs_as_user" time="0.001" /><testcase classname="tests.deployment.test_docker_compose.TestDockerCompose" name="test_docker_compose_dev_tikzit_service_exists" time="0.006" /><testcase classname="tests.deployment.test_docker_compose.TestDockerCompose" name="test_docker_compose_has_services" time="0.006" /><testcase classname="tests.deployment.test_docker_compose.TestDockerCompose" name="test_docker_compose_has_version" time="0.004" /><testcase classname="tests.deployment.test_docker_compose.TestDockerCompose" name="test_docker_compose_prod_certbot_has_volumes" time="0.011" /><testcase classname="tests.deployment.test_docker_compose.TestDockerCompose" name="test_docker_compose_prod_env_variable_usage" time="0.001" /><testcase classname="tests.deployment.test_docker_compose.TestDockerCompose" name="test_docker_compose_prod_has_networks" time="0.014" /><testcase classname="tests.deployment.test_docker_compose.TestDockerCompose" name="test_docker_compose_prod_has_services" time="0.010" /><testcase classname="tests.deployment.test_docker_compose.TestDockerCompose" name="test_docker_compose_prod_has_version" time="0.010" /><testcase classname="tests.deployment.test_docker_compose.TestDockerCompose" name="test_docker_compose_prod_has_volumes" time="0.011" /><testcase classname="tests.deployment.test_docker_compose.TestDockerCompose" name="test_docker_compose_prod_nginx_conf_mount" time="0.011" /><testcase classname="tests.deployment.test_docker_compose.TestDockerCompose" name="test_docker_compose_prod_nginx_has_volumes" time="0.011" /><testcase classname="tests.deployment.test_docker_compose.TestDockerCompose" name="test_docker_compose_prod_nginx_service_exists" time="0.011" /><testcase classname="tests.deployment.test_docker_compose.TestDockerCompose" name="test_docker_compose_prod_services_on_network" time="0.009" /><testcase classname="tests.deployment.test_docker_compose.TestDockerCompose" name="test_docker_compose_prod_tikzit_service_exists" time="0.016" /><testcase classname="tests.deployment.test_docker_compose.TestDockerCompose" name="test_docker_compose_prod_yml_exists" time="0.002" /><testcase classname="tests.deployment.test_docker_compose.TestDockerCompose" name="test_docker_compose_prod_yml_valid_yaml" time="0.019" /><testcase classname="tests.deployment.test_docker_compose.TestDockerCompose" name="test_docker_compose_services_have_images" time="0.007" /><testcase classname="tests.deployment.test_docker_compose.TestDockerCompose" name="test_docker_compose_tikzit_exposes_port_8080" time="0.006" /><testcase classname="tests.deployment.test_docker_compose.TestDockerCompose" name="test_docker_compose_tikzit_has_ports" time="0.004" /><testcase classname="tests.deployment.test_docker_compose.TestDockerCompose" name="test_docker_compose_version_format" time="0.006" /><testcase classname="tests.deployment.test_docker_compose.TestDockerCompose" name="test_docker_compose_yml_exists" time="0.001" /><testcase classname="tests.deployment.test_docker_compose.TestDockerCompose" name="test_docker_compose_yml_valid_yaml" time="0.004" /><testcase classname="tests.deployment.test_shell_scripts.TestShellScripts" name="test_deploy_sh_creates_directories" time="0.005" /><testcase classname="tests.deployment.test_shell_scripts.TestShellScripts" name="test_deploy_sh_creates_network" time="0.002" /><testcase classname="tests.deployment.test_shell_scripts.TestShellScripts" name="test_deploy_sh_creates_volume" time="0.002" /><testcase classname="tests.deployment.test_shell_scripts.TestShellScripts" name="test_deploy_sh_env_file_check" time="0.002" /><testcase classname="tests.deployment.test_shell_scripts.TestShellScripts" name="test_deploy_sh_has_error_handling" time="0.001" /><testcase classname="tests.deployment.test_shell_scripts.TestShellScripts" name="test_deploy_sh_syntax" time="0.014" /><testcase classname="tests.deployment.test_shell_scripts.TestShellScripts" name="test_deploy_sh_uses_set_e" time="0.003" /><testcase classname="tests.deployment.test_shell_scripts.TestShellScripts" name="test_entrypoint_sh_checks_vnc_password" time="0.003" /><testcase classname="tests.deployment.test_shell_scripts.TestShellScripts" name="test_entrypoint_sh_creates_vnc_dirs" time="0.002" /><testcase classname="tests.deployment.test_shell_scripts.TestShellScripts" name="test_entrypoint_sh_has_error_handling" time="0.001" /><testcase classname="tests.deployment.test_shell_scripts.TestShellScripts" name="test_entrypoint_sh_sets_vnc_password" time="0.001" /><testcase classname="tests.deployment.test_shell_scripts.TestShellScripts" name="test_entrypoint_sh_syntax" time="0.012" /><testcase classname="tests.deployment.test_shell_scripts.TestShellScripts" name="test_entrypoint_sh_uses_set_e" time="0.002" /><testcase classname="tests.deployment.test_shell_scripts.TestShellScripts" name="test_multi_user_manager_checks_env_file" time="0.002" /><testcase classname="tests.deployment.test_shell_scripts.TestShellScripts" name="test_multi_user_manager_creates_container" time="0.001" /><testcase classname="tests.deployment.test_shell_scripts.TestShellScripts" name="test_multi_user_manager_creates_nginx_config" time="0.002" /><testcase classname="tests.deployment.test_shell_scripts.TestShellScripts" name="test_multi_user_manager_reloads_nginx" time="0.002" /><testcase classname="tests.deployment.test_shell_scripts.TestShellScripts" name="test_multi_user_manager_sh_syntax" time="0.012" /><testcase classname="tests.deployment.test_shell_scripts.TestShellScripts" name="test_multi_user_manager_uses_conf_dir_var" time="0.002" /><testcase classname="tests.deployment.test_shell_scripts.TestShellScripts" name="test_multi_user_manager_validates_username" time="0.002" /><testcase classname="tests.deployment.test_shell_scripts.TestShellScripts" name="test_publish_all_sh_builds_docker_image" time="0.002" /><testcase classname="tests.deployment.test_shell_scripts.TestShellScripts" name="test_publish_all_sh_checks_docs_generated" time="0.002" /><testcase classname="tests.deployment.test_shell_scripts.TestShellScripts" name="test_publish_all_sh_generates_docs" time="0.003" /><testcase classname="tests.deployment.test_shell_scripts.TestShellScripts" name="test_publish_all_sh_has_version_handling" time="0.006" /><testcase classname="tests.deployment.test_shell_scripts.TestShellScripts" name="test_publish_all_sh_prompts_for_version" time="0.002" /><testcase classname="tests.deployment.test_shell_scripts.TestShellScripts" name="test_publish_all_sh_pushes_to_git" time="0.001" /><testcase classname="tests.deployment.test_shell_scripts.TestShellScripts" name="test_publish_all_sh_pushes_to_registry" time="0.002" /><testcase classname="tests.deployment.test_shell_scripts.TestShellScripts" name="test_publish_all_sh_reads_version_file" time="0.001" /><testcase classname="tests.deployment.test_shell_scripts.TestShellScripts" name="test_publish_all_sh_syntax" time="0.012" /><testcase classname="tests.deployment.test_shell_scripts.TestShellScripts" name="test_publish_all_sh_tags_release" time="0.002" /><testcase classname="tests.deployment.test_shell_scripts.TestShellScripts" name="test_update_and_redeploy_pulls_image" time="0.002" /><testcase classname="tests.deployment.test_shell_scripts.TestShellScripts" name="test_update_and_redeploy_restarts_containers" time="0.001" /><testcase classname="tests.deployment.test_shell_scripts.TestShellScripts" name="test_update_and_redeploy_sh_syntax" time="0.011" /><testcase classname="tests.deployment.test_shell_scripts.TestShellScripts" name="test_update_and_redeploy_updates_docs" time="0.002" /><testcase classname="tests.deployment.test_shell_scripts.TestShellScripts" name="test_update_and_redeploy_uses_registry_url" time="0.001" /><testcase classname="tests.deployment.test_shell_scripts.TestDockerfile" name="test_dockerfile_builds_app" time="0.002" /><testcase classname="tests.deployment.test_shell_scripts.TestDockerfile" name="test_dockerfile_cleans_up_apt_cache" time="0.001" /><testcase classname="tests.deployment.test_shell_scripts.TestDockerfile" name="test_dockerfile_copies_docs" time="0.001" /><testcase classname="tests.deployment.test_shell_scripts.TestDockerfile" name="test_dockerfile_copies_entrypoint_script" time="0.001" /><testcase classname="tests.deployment.test_shell_scripts.TestDockerfile" name="test_dockerfile_copies_files" time="0.001" /><testcase classname="tests.deployment.test_shell_scripts.TestDockerfile" name="test_dockerfile_copies_supervisord_config" time="0.001" /><testcase classname="tests.deployment.test_shell_scripts.TestDockerfile" name="test_dockerfile_creates_user" time="0.001" /><testcase classname="tests.deployment.test_shell_scripts.TestDockerfile" name="test_dockerfile_exists" time="0.001" /><testcase classname="tests.deployment.test_shell_scripts.TestDockerfile" name="test_dockerfile_exposes_ports" time="0.001" /><testcase classname="tests.deployment.test_shell_scripts.TestDockerfile" name="test_dockerfile_has_build_stage" time="0.001" /><testcase classname="tests.deployment.test_shell_scripts.TestDockerfile" name="test_dockerfile_has_entrypoint" time="0.001" /><testcase classname="tests.deployment.test_shell_scripts.TestDockerfile" name="test_dockerfile_has_env_vars" time="0.001" /><testcase classname="tests.deployment.test_shell_scripts.TestDockerfile" name="test_dockerfile_has_from_statement" time="0.001" /><testcase classname="tests.deployment.test_shell_scripts.TestDockerfile" name="test_dockerfile_has_runtime_stage" time="0.001" /><testcase classname="tests.deployment.test_shell_scripts.TestDockerfile" name="test_dockerfile_installs_dependencies" time="0.001" /><testcase classname="tests.deployment.test_shell_scripts.TestDockerfile" name="test_dockerfile_makes_entrypoint_executable" time="0.001" /><testcase classname="tests.deployment.test_shell_scripts.TestDockerfile" name="test_dockerfile_no_sudo_command" time="0.001" /><testcase classname="tests.deployment.test_shell_scripts.TestDockerfile" name="test_dockerfile_not_empty" time="0.001" /><testcase classname="tests.deployment.test_shell_scripts.TestDockerfile" name="test_dockerfile_removes_apt_lists" time="0.001" /><testcase classname="tests.deployment.test_shell_scripts.TestDockerfile" name="test_dockerfile_sets_working_directory" time="0.001" /><testcase classname="tests.deployment.test_shell_scripts.TestDockerfile" name="test_dockerfile_uses_noninteractive_frontend" time="0.001" /></testsuite></testsuites>